// Jest Snapshot v1, https://goo.gl/fbAQLP

exports[`Switch Renders Correctly 1`] = `
<form
  action="#"
  onReset={[Function]}
  onSubmit={[Function]}
>
  <span
    className="MuiSwitch-root MuiSwitch-sizeMedium css-julti5-MuiSwitch-root"
  >
    <span
      className="MuiSwitch-switchBase MuiSwitch-colorPrimary MuiButtonBase-root MuiSwitch-switchBase MuiSwitch-colorPrimary PrivateSwitchBase-root css-5ryogn-MuiButtonBase-root-MuiSwitch-switchBase"
      onBlur={[Function]}
      onContextMenu={[Function]}
      onDragLeave={[Function]}
      onFocus={[Function]}
      onKeyDown={[Function]}
      onKeyUp={[Function]}
      onMouseDown={[Function]}
      onMouseLeave={[Function]}
      onMouseUp={[Function]}
      onTouchEnd={[Function]}
      onTouchMove={[Function]}
      onTouchStart={[Function]}
      tabIndex={null}
    >
      <input
        checked={false}
        className="MuiSwitch-input PrivateSwitchBase-input css-1m9pwf3"
        disabled={false}
        name="test"
        onChange={[Function]}
        type="checkbox"
      />
      <span
        className="MuiSwitch-thumb css-jsexje-MuiSwitch-thumb"
      />
    </span>
    <span
      className="MuiSwitch-track css-1yjjitx-MuiSwitch-track"
    />
  </span>
</form>
`;
